// Jest Snapshot v1, https://goo.gl/fbAQLP

exports[`index index 1`] = `
Object {
  "AppSync": Object {
    "GetApiKey": [Function],
  },
  "CloudMap": Object {
    "DiscoverInstances": [Function],
  },
  "Cognito": Object {
    "Configure": [Function],
    "GetJwtToken": [Function],
  },
  "IotData": Object {
    "Publish": [Function],
  },
  "Opensearch": Object {
    "NewClient": [Function],
  },
  "SSM": Object {
    "GetParameter": [Function],
  },
}
`;
